// Jest Snapshot v1, https://goo.gl/fbAQLP

exports[`IntroCard Page should render IntroCard page as expected 1`] = `
<body>
  <div>
    <section>
      <div
        class="w-fit ml-auto mr-auto"
      >
        <h3
          class="text-lg text-center"
        >
          Dear visitor, I'm 
          <span
            class="text-pink-500 underline cursor-pointer"
          >
            Tracy.
          </span>
           😊
        </h3>
        <p
          class="mt-2"
        >
          My Portfolio Website is coming soon. 
        </p>
      </div>
    </section>
  </div>
</body>
`;
