// Jest Snapshot v1, https://goo.gl/fbAQLP

exports[`Home Page should render Home page as expected 1`] = `
<main
  className="w-screen h-screen overflow-hidden flex bg-orange-100"
>
  <div
    className="w-fit self-center ml-auto mr-auto container"
  >
    <div
      className="w-1/3 ml-auto mr-auto lg:mb-10 mb-4"
    >
      <Image
        alt="Tracy's Portrait"
        className="ml-auto mr-auto"
        src={
          {
            "blurDataURL": "data:image/png;base64,imagedata",
            "height": 24,
            "src": "/img.jpg",
            "width": 24,
          }
        }
      />
    </div>
    <h3
      className="text-lg text-center"
    >
      Dear visitor, I'm 
      <span
        className="text-pink-500 underline cursor-pointer"
        onClick={[Function]}
      >
        Tracy.
      </span>
       😊
    </h3>
    <p
      className="mt-2"
    >
      My Portfolio Website is coming soon. 
    </p>
  </div>
</main>
`;
