// Jest Snapshot v1, https://goo.gl/fbAQLP

exports[`Home Page should render Home page as expected 1`] = `
<main
  className="container max-w-md mx-auto overflow-hidden md:max-w-2xl mt-3"
>
  <h3
    className="indent-3"
  >
    Dear Visitors, I'm Tracy. 😊
  </h3>
  <p
    className="indent-3"
  >
    My Portfolio Website is coming soon. 
  </p>
</main>
`;
